started=2026-09-14T15:21:45+08:00
--- physical_gpu=2 ---
Traceback (most recent call last):
  File "<string>", line 1, in <module>
torch.AcceleratorError: CUDA error: the launch timed out and was terminated
Search for `cudaErrorLaunchTimeout' in https://docs.nvidia.com/cuda/cuda-runtime-api/group__CUDART__TYPES.html for more information.
CUDA kernel errors might be asynchronously reported at some other API call, so the stacktrace below might be incorrect.
For debugging consider passing CUDA_LAUNCH_BLOCKING=1
Compile with `TORCH_USE_CUDA_DSA` to enable device-side assertions.

matmul_rc=1
--- physical_gpu=6 ---
Traceback (most recent call last):
  File "<string>", line 1, in <module>
torch.AcceleratorError: CUDA error: the launch timed out and was terminated
Search for `cudaErrorLaunchTimeout' in https://docs.nvidia.com/cuda/cuda-runtime-api/group__CUDART__TYPES.html for more information.
CUDA kernel errors might be asynchronously reported at some other API call, so the stacktrace below might be incorrect.
For debugging consider passing CUDA_LAUNCH_BLOCKING=1
Compile with `TORCH_USE_CUDA_DSA` to enable device-side assertions.

matmul_rc=1
finished=2026-09-14T15:22:05+08:00
