captured=2026-09-14T15:20:41+08:00
smoke_wrapper=3615307
--- processes matching smoke ---
3615301 bash -c set +e run_dir=/mnt/100T/users/dingxin/VLA/eval-release-ztev2-20260912/renderer-device-smoke-20260914T1520-gpu6-rerun2 if test -e "$run_dir"; then   echo "REFUSE_EXISTING_RUN_DIR=$run_dir"   exit 73 fi mkdir -p "$run_dir" py=/data1/dingxin/robotwin-formal-eval/RoboTwin/.venv_robotwin/bin/python {   echo "run_dir=$run_dir"   echo "host=$(hostname)"   echo "started=$(date -Is)"   echo "python=$py"   echo "python_version=$("$py" -c "import sys; print(sys.version.replace(chr(10),chr(32)))")"   echo "cuda_visible_devices=6"   echo "ZEVA_SAPIEN_RENDER_DEVICE=cuda:0"   echo "smoke_script=/tmp/zeva_client_hook_smoke_20260914.py"   echo "hook_source=/tmp/zeva_eval_policy_client_hook_20260914.py" } > "$run_dir/metadata.txt" (   export CUDA_VISIBLE_DEVICES=6   export ZEVA_SAPIEN_RENDER_DEVICE=cuda:0   export PYTHONUNBUFFERED=1   timeout -k 2 35s "$py" /tmp/zeva_client_hook_smoke_20260914.py   rc=$?   echo "__SMOKE_RC=$rc"   exit "$rc" ) > "$run_dir/smoke.stdout.log" 2>&1 & smoke_wrapper=$! sleep 5 {   echo "captured=$(date -Is)"   echo "smoke_wrapper=$smoke_wrapper"   echo "--- processes matching smoke ---"   pgrep -af zeva_client_hook_smoke_20260914.py || true   echo "--- gpu summary ---"   timeout -k 2 8s nvidia-smi --query-gpu=index,pci.bus_id,memory.used,utilization.gpu --format=csv,noheader   echo "gpu_summary_rc=$?"   echo "--- compute apps ---"   timeout -k 2 8s nvidia-smi --query-compute-apps=gpu_uuid,pid,process_name,used_memory --format=csv,noheader   echo "compute_apps_rc=$?"   echo "--- full nvidia-smi ---"   timeout -k 2 8s nvidia-smi   echo "full_nvidia_smi_rc=$?" } > "$run_dir/nvidia-during.log" 2>&1 wait "$smoke_wrapper" smoke_wait_rc=$? echo "wrapper_pid=$smoke_wrapper" >> "$run_dir/smoke.stdout.log" echo "wrapper_wait_rc=$smoke_wait_rc" >> "$run_dir/smoke.stdout.log" {   echo "captured=$(date -Is)"   timeout -k 2 8s nvidia-smi --query-gpu=index,pci.bus_id,memory.used,utilization.gpu --format=csv,noheader   echo "gpu_summary_rc=$?"   timeout -k 2 8s nvidia-smi --query-compute-apps=gpu_uuid,pid,process_name,used_memory --format=csv,noheader   echo "compute_apps_rc=$?" } > "$run_dir/nvidia-after.log" 2>&1 echo "RUN_DIR=$run_dir" echo "SMOKE_WAIT_RC=$smoke_wait_rc" echo "--- METADATA ---" sed -n "1,80p" "$run_dir/metadata.txt" echo "--- SMOKE LOG ---" sed -n "1,120p" "$run_dir/smoke.stdout.log" echo "--- NVIDIA DURING ---" sed -n "1,180p" "$run_dir/nvidia-during.log" echo "--- NVIDIA AFTER ---" sed -n "1,80p" "$run_dir/nvidia-after.log" 
3615307 bash -c set +e run_dir=/mnt/100T/users/dingxin/VLA/eval-release-ztev2-20260912/renderer-device-smoke-20260914T1520-gpu6-rerun2 if test -e "$run_dir"; then   echo "REFUSE_EXISTING_RUN_DIR=$run_dir"   exit 73 fi mkdir -p "$run_dir" py=/data1/dingxin/robotwin-formal-eval/RoboTwin/.venv_robotwin/bin/python {   echo "run_dir=$run_dir"   echo "host=$(hostname)"   echo "started=$(date -Is)"   echo "python=$py"   echo "python_version=$("$py" -c "import sys; print(sys.version.replace(chr(10),chr(32)))")"   echo "cuda_visible_devices=6"   echo "ZEVA_SAPIEN_RENDER_DEVICE=cuda:0"   echo "smoke_script=/tmp/zeva_client_hook_smoke_20260914.py"   echo "hook_source=/tmp/zeva_eval_policy_client_hook_20260914.py" } > "$run_dir/metadata.txt" (   export CUDA_VISIBLE_DEVICES=6   export ZEVA_SAPIEN_RENDER_DEVICE=cuda:0   export PYTHONUNBUFFERED=1   timeout -k 2 35s "$py" /tmp/zeva_client_hook_smoke_20260914.py   rc=$?   echo "__SMOKE_RC=$rc"   exit "$rc" ) > "$run_dir/smoke.stdout.log" 2>&1 & smoke_wrapper=$! sleep 5 {   echo "captured=$(date -Is)"   echo "smoke_wrapper=$smoke_wrapper"   echo "--- processes matching smoke ---"   pgrep -af zeva_client_hook_smoke_20260914.py || true   echo "--- gpu summary ---"   timeout -k 2 8s nvidia-smi --query-gpu=index,pci.bus_id,memory.used,utilization.gpu --format=csv,noheader   echo "gpu_summary_rc=$?"   echo "--- compute apps ---"   timeout -k 2 8s nvidia-smi --query-compute-apps=gpu_uuid,pid,process_name,used_memory --format=csv,noheader   echo "compute_apps_rc=$?"   echo "--- full nvidia-smi ---"   timeout -k 2 8s nvidia-smi   echo "full_nvidia_smi_rc=$?" } > "$run_dir/nvidia-during.log" 2>&1 wait "$smoke_wrapper" smoke_wait_rc=$? echo "wrapper_pid=$smoke_wrapper" >> "$run_dir/smoke.stdout.log" echo "wrapper_wait_rc=$smoke_wait_rc" >> "$run_dir/smoke.stdout.log" {   echo "captured=$(date -Is)"   timeout -k 2 8s nvidia-smi --query-gpu=index,pci.bus_id,memory.used,utilization.gpu --format=csv,noheader   echo "gpu_summary_rc=$?"   timeout -k 2 8s nvidia-smi --query-compute-apps=gpu_uuid,pid,process_name,used_memory --format=csv,noheader   echo "compute_apps_rc=$?" } > "$run_dir/nvidia-after.log" 2>&1 echo "RUN_DIR=$run_dir" echo "SMOKE_WAIT_RC=$smoke_wait_rc" echo "--- METADATA ---" sed -n "1,80p" "$run_dir/metadata.txt" echo "--- SMOKE LOG ---" sed -n "1,120p" "$run_dir/smoke.stdout.log" echo "--- NVIDIA DURING ---" sed -n "1,180p" "$run_dir/nvidia-during.log" echo "--- NVIDIA AFTER ---" sed -n "1,80p" "$run_dir/nvidia-after.log" 
3615309 timeout -k 2 35s /data1/dingxin/robotwin-formal-eval/RoboTwin/.venv_robotwin/bin/python /tmp/zeva_client_hook_smoke_20260914.py
3615310 /data1/dingxin/robotwin-formal-eval/RoboTwin/.venv_robotwin/bin/python /tmp/zeva_client_hook_smoke_20260914.py
--- gpu summary ---
0, 00000000:18:00.0, 50 MiB, 0 %
1, 00000000:2A:00.0, 34 MiB, 0 %
2, 00000000:3A:00.0, 34 MiB, 0 %
3, 00000000:5D:00.0, 34 MiB, 0 %
4, 00000000:9A:00.0, 34 MiB, [N/A]
5, 00000000:AB:00.0, 34 MiB, 0 %
6, 00000000:BA:00.0, 34 MiB, 0 %
7, 00000000:DB:00.0, 2201 MiB, 0 %
gpu_summary_rc=0
--- compute apps ---
GPU-183326a5-6666-8f03-fb59-41db053b8f78, [N/A], [N/A], [N/A]
GPU-2f6acfc8-de5a-3830-cf47-ad1ab02988e5, 3615310, /data1/dingxin/robotwin-formal-eval/RoboTwin/.venv_robotwin/bin/python, 2146 MiB
compute_apps_rc=0
--- full nvidia-smi ---
Mon Sep 14 15:20:42 2026       
+-----------------------------------------------------------------------------------------+
| NVIDIA-SMI 580.159.03             Driver Version: 580.159.03     CUDA Version: 13.0     |
+-----------------------------------------+------------------------+----------------------+
| GPU  Name                 Persistence-M | Bus-Id          Disp.A | Volatile Uncorr. ECC |
| Fan  Temp   Perf          Pwr:Usage/Cap |           Memory-Usage | GPU-Util  Compute M. |
|                                         |                        |               MIG M. |
|=========================================+========================+======================|
|   0  NVIDIA H100 80GB HBM3          On  |   00000000:18:00.0 Off |                  Off |
| N/A   35C    P0            145W /  700W |      50MiB /  81559MiB |      0%      Default |
|                                         |                        |             Disabled |
+-----------------------------------------+------------------------+----------------------+
|   1  NVIDIA H100 80GB HBM3          On  |   00000000:2A:00.0 Off |                  Off |
| N/A   37C    P0             99W /  700W |      34MiB /  81559MiB |      0%      Default |
|                                         |                        |             Disabled |
+-----------------------------------------+------------------------+----------------------+
|   2  NVIDIA H100 80GB HBM3          On  |   00000000:3A:00.0 Off |                  Off |
| N/A   36C    P0            100W /  700W |      34MiB /  81559MiB |      0%      Default |
|                                         |                        |             Disabled |
+-----------------------------------------+------------------------+----------------------+
|   3  NVIDIA H100 80GB HBM3          On  |   00000000:5D:00.0 Off |                  Off |
| N/A   33C    P0             97W /  700W |      34MiB /  81559MiB |      0%      Default |
|                                         |                        |             Disabled |
+-----------------------------------------+------------------------+----------------------+
|   4  NVIDIA H100 80GB HBM3          On  |   00000000:9A:00.0 N/A |                  N/A |
|ERR!   33C    P0            N/A  /  N/A  |      34MiB /  81559MiB |     N/A      Default |
|                                         |                        |                 ERR! |
+-----------------------------------------+------------------------+----------------------+
|   5  NVIDIA H100 80GB HBM3          On  |   00000000:AB:00.0 Off |                  Off |
| N/A   36C    P0             98W /  700W |      34MiB /  81559MiB |      0%      Default |
|                                         |                        |             Disabled |
+-----------------------------------------+------------------------+----------------------+
|   6  NVIDIA H100 80GB HBM3          On  |   00000000:BA:00.0 Off |                  Off |
| N/A   33C    P0             98W /  700W |      34MiB /  81559MiB |      0%      Default |
|                                         |                        |             Disabled |
+-----------------------------------------+------------------------+----------------------+
|   7  NVIDIA H100 80GB HBM3          On  |   00000000:DB:00.0 Off |                  Off |
| N/A   34C    P0            145W /  700W |    2201MiB /  81559MiB |      0%      Default |
|                                         |                        |             Disabled |
+-----------------------------------------+------------------------+----------------------+

+-----------------------------------------------------------------------------------------+
| Processes:                                                                              |
|  GPU   GI   CI              PID   Type   Process name                        GPU Memory |
|        ID   ID                                                               Usage      |
|=========================================================================================|
|    0   N/A  N/A         2988769      G   /usr/lib/xorg/Xorg                       23MiB |
|    0   N/A  N/A         3615310      G   ...win/.venv_robotwin/bin/python          7MiB |
|    1   N/A  N/A         2988769      G   /usr/lib/xorg/Xorg                       23MiB |
|    2   N/A  N/A         2988769      G   /usr/lib/xorg/Xorg                       23MiB |
|    3   N/A  N/A         2988769      G   /usr/lib/xorg/Xorg                       23MiB |
|    5   N/A  N/A         2988769      G   /usr/lib/xorg/Xorg                       23MiB |
|    6   N/A  N/A         2988769      G   /usr/lib/xorg/Xorg                       23MiB |
|    7   N/A  N/A         2988769      G   /usr/lib/xorg/Xorg                       23MiB |
|    7   N/A  N/A         3615310    C+G   ...win/.venv_robotwin/bin/python       2146MiB |
+-----------------------------------------------------------------------------------------+
full_nvidia_smi_rc=0
